Component: ARM Compiler 5.06 update 6 (build 750) Tool: armlink [4d35ed]

==============================================================================

Section Cross References

    startup_stm32l011xx.o(STACK) refers (Special) to heapauxi.o(.text) for __use_two_region_memory
    startup_stm32l011xx.o(HEAP) refers (Special) to heapauxi.o(.text) for __use_two_region_memory
    startup_stm32l011xx.o(RESET) refers (Special) to heapauxi.o(.text) for __use_two_region_memory
    startup_stm32l011xx.o(RESET) refers to startup_stm32l011xx.o(STACK) for __initial_sp
    startup_stm32l011xx.o(RESET) refers to startup_stm32l011xx.o(.text) for Reset_Handler
    startup_stm32l011xx.o(.text) refers (Special) to heapauxi.o(.text) for __use_two_region_memory
    startup_stm32l011xx.o(.text) refers to startup_stm32l011xx.o(STACK) for __initial_sp
    startup_stm32l011xx.o(.text) refers to jesse_init.o(i.SystemInit) for SystemInit
    startup_stm32l011xx.o(.text) refers to __main.o(!!!main) for __main
    startup_stm32l011xx.o(.text) refers to startup_stm32l011xx.o(HEAP) for Heap_Mem
    jesse_init.o(i.$Sub$$main) refers to jesse_init.o(i.jesse_init_board_function) for jesse_init_board_function
    jesse_init.o(i.$Sub$$main) refers to jesse_init.o(i.jesse_show_information) for jesse_show_information
    jesse_init.o(i.$Sub$$main) refers to jesse_init.o(i.jesse_init_function) for jesse_init_function
    jesse_init.o(i.$Sub$$main) refers to main.o(i.main) for $Super$$main
    jesse_init.o(i.jesse_init_board_function) refers to jesse_init.o(.jesse_fn.0.end) for __init_board_start
    jesse_init.o(i.jesse_init_board_function) refers to jesse_init.o(.jesse_fn.1.end) for __init_board_end
    jesse_init.o(i.jesse_init_function) refers to jesse_init.o(.jesse_fn.1.end) for __init_board_end
    jesse_init.o(i.jesse_init_function) refers to jesse_init.o(.jesse_fn.3.end) for __init_end
    jesse_init.o(.jesse_fn.0) refers to jesse_init.o(i.start) for start
    jesse_init.o(.jesse_fn.0.end) refers to jesse_init.o(i.board_start) for board_start
    jesse_init.o(.jesse_fn.1.end) refers to jesse_init.o(i.board_end) for board_end
    jesse_init.o(.jesse_fn.3.end) refers to jesse_init.o(i.end) for end
    __main.o(!!!main) refers to __rtentry.o(.ARM.Collect$$rtentry$$00000000) for __rt_entry
    __rtentry.o(.ARM.Collect$$rtentry$$00000000) refers (Special) to __rtentry2.o(.ARM.Collect$$rtentry$$0000000A) for __rt_entry_li
    __rtentry.o(.ARM.Collect$$rtentry$$00000000) refers (Special) to __rtentry2.o(.ARM.Collect$$rtentry$$0000000D) for __rt_entry_main
    __rtentry.o(.ARM.Collect$$rtentry$$00000000) refers (Special) to __rtentry2.o(.ARM.Collect$$rtentry$$0000000C) for __rt_entry_postli_1
    __rtentry.o(.ARM.Collect$$rtentry$$00000000) refers (Special) to __rtentry2.o(.ARM.Collect$$rtentry$$00000009) for __rt_entry_postsh_1
    __rtentry.o(.ARM.Collect$$rtentry$$00000000) refers (Special) to __rtentry2.o(.ARM.Collect$$rtentry$$00000002) for __rt_entry_presh_1
    __rtentry.o(.ARM.Collect$$rtentry$$00000000) refers (Special) to __rtentry4.o(.ARM.Collect$$rtentry$$00000004) for __rt_entry_sh
    __rtentry2.o(.ARM.Collect$$rtentry$$00000008) refers to boardinit2.o(.text) for _platform_post_stackheap_init
    __rtentry2.o(.ARM.Collect$$rtentry$$0000000A) refers to libinit.o(.ARM.Collect$$libinit$$00000000) for __rt_lib_init
    __rtentry2.o(.ARM.Collect$$rtentry$$0000000B) refers to boardinit3.o(.text) for _platform_post_lib_init
    __rtentry2.o(.ARM.Collect$$rtentry$$0000000D) refers to jesse_init.o(i.$Sub$$main) for main
    __rtentry2.o(.ARM.Collect$$rtentry$$0000000D) refers to exit.o(.text) for exit
    __rtentry2.o(.ARM.exidx) refers to __rtentry2.o(.ARM.Collect$$rtentry$$00000001) for .ARM.Collect$$rtentry$$00000001
    __rtentry2.o(.ARM.exidx) refers to __rtentry2.o(.ARM.Collect$$rtentry$$00000008) for .ARM.Collect$$rtentry$$00000008
    __rtentry2.o(.ARM.exidx) refers to __rtentry2.o(.ARM.Collect$$rtentry$$0000000A) for .ARM.Collect$$rtentry$$0000000A
    __rtentry2.o(.ARM.exidx) refers to __rtentry2.o(.ARM.Collect$$rtentry$$0000000B) for .ARM.Collect$$rtentry$$0000000B
    __rtentry2.o(.ARM.exidx) refers to __rtentry2.o(.ARM.Collect$$rtentry$$0000000D) for .ARM.Collect$$rtentry$$0000000D
    __rtentry4.o(.ARM.Collect$$rtentry$$00000004) refers to sys_stackheap_outer.o(.text) for __user_setup_stackheap
    __rtentry4.o(.ARM.exidx) refers to __rtentry4.o(.ARM.Collect$$rtentry$$00000004) for .ARM.Collect$$rtentry$$00000004
    sys_stackheap_outer.o(.text) refers to libspace.o(.text) for __user_perproc_libspace
    sys_stackheap_outer.o(.text) refers to startup_stm32l011xx.o(.text) for __user_initial_stackheap
    sys_stackheap_outer.o(__vectab_stack_and_reset_area) refers to tempstk.o(.text) for __temporary_stack_top
    sys_stackheap_outer.o(__vectab_stack_and_reset_area) refers to __main.o(!!!main) for __main
    exit.o(.text) refers to rtexit.o(.ARM.Collect$$rtexit$$00000000) for __rt_exit
    libinit.o(.ARM.Collect$$libinit$$00000000) refers (Special) to libinit2.o(.ARM.Collect$$libinit$$0000002E) for __rt_lib_init_alloca_1
    libinit.o(.ARM.Collect$$libinit$$00000000) refers (Special) to libinit2.o(.ARM.Collect$$libinit$$0000002C) for __rt_lib_init_argv_1
    libinit.o(.ARM.Collect$$libinit$$00000000) refers (Special) to libinit2.o(.ARM.Collect$$libinit$$0000001B) for __rt_lib_init_atexit_1
    libinit.o(.ARM.Collect$$libinit$$00000000) refers (Special) to libinit2.o(.ARM.Collect$$libinit$$00000021) for __rt_lib_init_clock_1
    libinit.o(.ARM.Collect$$libinit$$00000000) refers (Special) to libinit2.o(.ARM.Collect$$libinit$$00000032) for __rt_lib_init_cpp_1
    libinit.o(.ARM.Collect$$libinit$$00000000) refers (Special) to libinit2.o(.ARM.Collect$$libinit$$00000030) for __rt_lib_init_exceptions_1
    libinit.o(.ARM.Collect$$libinit$$00000000) refers (Special) to libinit2.o(.ARM.Collect$$libinit$$00000002) for __rt_lib_init_fp_1
    libinit.o(.ARM.Collect$$libinit$$00000000) refers (Special) to libinit2.o(.ARM.Collect$$libinit$$0000001F) for __rt_lib_init_fp_trap_1
    libinit.o(.ARM.Collect$$libinit$$00000000) refers (Special) to libinit2.o(.ARM.Collect$$libinit$$00000023) for __rt_lib_init_getenv_1
    libinit.o(.ARM.Collect$$libinit$$00000000) refers (Special) to libinit2.o(.ARM.Collect$$libinit$$0000000A) for __rt_lib_init_heap_1
    libinit.o(.ARM.Collect$$libinit$$00000000) refers (Special) to libinit2.o(.ARM.Collect$$libinit$$00000011) for __rt_lib_init_lc_collate_1
    libinit.o(.ARM.Collect$$libinit$$00000000) refers (Special) to libinit2.o(.ARM.Collect$$libinit$$00000013) for __rt_lib_init_lc_ctype_1
    libinit.o(.ARM.Collect$$libinit$$00000000) refers (Special) to libinit2.o(.ARM.Collect$$libinit$$00000015) for __rt_lib_init_lc_monetary_1
    libinit.o(.ARM.Collect$$libinit$$00000000) refers (Special) to libinit2.o(.ARM.Collect$$libinit$$00000017) for __rt_lib_init_lc_numeric_1
    libinit.o(.ARM.Collect$$libinit$$00000000) refers (Special) to libinit2.o(.ARM.Collect$$libinit$$00000019) for __rt_lib_init_lc_time_1
    libinit.o(.ARM.Collect$$libinit$$00000000) refers (Special) to libinit2.o(.ARM.Collect$$libinit$$00000004) for __rt_lib_init_preinit_1
    libinit.o(.ARM.Collect$$libinit$$00000000) refers (Special) to libinit2.o(.ARM.Collect$$libinit$$0000000E) for __rt_lib_init_rand_1
    libinit.o(.ARM.Collect$$libinit$$00000000) refers (Special) to libinit2.o(.ARM.Collect$$libinit$$00000033) for __rt_lib_init_return
    libinit.o(.ARM.Collect$$libinit$$00000000) refers (Special) to libinit2.o(.ARM.Collect$$libinit$$0000001D) for __rt_lib_init_signal_1
    libinit.o(.ARM.Collect$$libinit$$00000000) refers (Special) to libinit2.o(.ARM.Collect$$libinit$$00000025) for __rt_lib_init_stdio_1
    libinit.o(.ARM.Collect$$libinit$$00000000) refers (Special) to libinit2.o(.ARM.Collect$$libinit$$0000000C) for __rt_lib_init_user_alloc_1
    libspace.o(.text) refers to libspace.o(.bss) for __libspace_start
    rtexit.o(.ARM.Collect$$rtexit$$00000000) refers (Special) to rtexit2.o(.ARM.Collect$$rtexit$$00000004) for __rt_exit_exit
    rtexit.o(.ARM.Collect$$rtexit$$00000000) refers (Special) to rtexit2.o(.ARM.Collect$$rtexit$$00000003) for __rt_exit_ls
    rtexit.o(.ARM.Collect$$rtexit$$00000000) refers (Special) to rtexit2.o(.ARM.Collect$$rtexit$$00000002) for __rt_exit_prels_1
    rtexit.o(.ARM.exidx) refers (Special) to rtexit2.o(.ARM.Collect$$rtexit$$00000004) for __rt_exit_exit
    rtexit.o(.ARM.exidx) refers (Special) to rtexit2.o(.ARM.Collect$$rtexit$$00000003) for __rt_exit_ls
    rtexit.o(.ARM.exidx) refers (Special) to rtexit2.o(.ARM.Collect$$rtexit$$00000002) for __rt_exit_prels_1
    rtexit.o(.ARM.exidx) refers to rtexit.o(.ARM.Collect$$rtexit$$00000000) for .ARM.Collect$$rtexit$$00000000
    libinit2.o(.ARM.Collect$$libinit$$00000010) refers to libinit2.o(.ARM.Collect$$libinit$$0000000F) for .ARM.Collect$$libinit$$0000000F
    libinit2.o(.ARM.Collect$$libinit$$00000012) refers to libinit2.o(.ARM.Collect$$libinit$$0000000F) for .ARM.Collect$$libinit$$0000000F
    libinit2.o(.ARM.Collect$$libinit$$00000014) refers to libinit2.o(.ARM.Collect$$libinit$$0000000F) for .ARM.Collect$$libinit$$0000000F
    libinit2.o(.ARM.Collect$$libinit$$00000016) refers to libinit2.o(.ARM.Collect$$libinit$$0000000F) for .ARM.Collect$$libinit$$0000000F
    libinit2.o(.ARM.Collect$$libinit$$00000018) refers to libinit2.o(.ARM.Collect$$libinit$$0000000F) for .ARM.Collect$$libinit$$0000000F
    libinit2.o(.ARM.Collect$$libinit$$00000026) refers to argv_veneer.o(.text) for __ARM_argv_veneer
    libinit2.o(.ARM.Collect$$libinit$$00000027) refers to argv_veneer.o(.text) for __ARM_argv_veneer
    rtexit2.o(.ARM.Collect$$rtexit$$00000003) refers to libshutdown.o(.ARM.Collect$$libshutdown$$00000000) for __rt_lib_shutdown
    rtexit2.o(.ARM.Collect$$rtexit$$00000004) refers to sys_exit.o(.text) for _sys_exit
    rtexit2.o(.ARM.exidx) refers to rtexit2.o(.ARM.Collect$$rtexit$$00000001) for .ARM.Collect$$rtexit$$00000001
    rtexit2.o(.ARM.exidx) refers to rtexit2.o(.ARM.Collect$$rtexit$$00000003) for .ARM.Collect$$rtexit$$00000003
    rtexit2.o(.ARM.exidx) refers to rtexit2.o(.ARM.Collect$$rtexit$$00000004) for .ARM.Collect$$rtexit$$00000004
    sys_exit.o(.text) refers (Special) to use_no_semi.o(.text) for __I$use$semihosting
    sys_exit.o(.text) refers (Special) to indicate_semi.o(.text) for __semihosting_library_function
    _get_argv_nomalloc.o(.text) refers (Special) to hrguard.o(.text) for __heap_region$guard
    _get_argv_nomalloc.o(.text) refers to defsig_rtmem_outer.o(.text) for __rt_SIGRTMEM
    _get_argv_nomalloc.o(.text) refers to sys_command.o(.text) for _sys_command_string
    libshutdown.o(.ARM.Collect$$libshutdown$$00000000) refers (Special) to libshutdown2.o(.ARM.Collect$$libshutdown$$00000002) for __rt_lib_shutdown_cpp_1
    libshutdown.o(.ARM.Collect$$libshutdown$$00000000) refers (Special) to libshutdown2.o(.ARM.Collect$$libshutdown$$00000007) for __rt_lib_shutdown_fp_trap_1
    libshutdown.o(.ARM.Collect$$libshutdown$$00000000) refers (Special) to libshutdown2.o(.ARM.Collect$$libshutdown$$0000000F) for __rt_lib_shutdown_heap_1
    libshutdown.o(.ARM.Collect$$libshutdown$$00000000) refers (Special) to libshutdown2.o(.ARM.Collect$$libshutdown$$00000010) for __rt_lib_shutdown_return
    libshutdown.o(.ARM.Collect$$libshutdown$$00000000) refers (Special) to libshutdown2.o(.ARM.Collect$$libshutdown$$0000000A) for __rt_lib_shutdown_signal_1
    libshutdown.o(.ARM.Collect$$libshutdown$$00000000) refers (Special) to libshutdown2.o(.ARM.Collect$$libshutdown$$00000004) for __rt_lib_shutdown_stdio_1
    libshutdown.o(.ARM.Collect$$libshutdown$$00000000) refers (Special) to libshutdown2.o(.ARM.Collect$$libshutdown$$0000000C) for __rt_lib_shutdown_user_alloc_1
    sys_command.o(.text) refers (Special) to use_no_semi.o(.text) for __I$use$semihosting
    sys_command.o(.text) refers (Special) to indicate_semi.o(.text) for __semihosting_library_function
    defsig_rtmem_outer.o(.text) refers to defsig_rtmem_inner.o(.text) for __rt_SIGRTMEM_inner
    defsig_rtmem_outer.o(.text) refers to defsig_exit.o(.text) for __sig_exit
    defsig_rtmem_formal.o(.text) refers to rt_raise.o(.text) for __rt_raise
    rt_raise.o(.text) refers to __raise.o(.text) for __raise
    rt_raise.o(.text) refers to sys_exit.o(.text) for _sys_exit
    defsig_exit.o(.text) refers to sys_exit.o(.text) for _sys_exit
    defsig_rtmem_inner.o(.text) refers to defsig_general.o(.text) for __default_signal_display
    __raise.o(.text) refers to defsig.o(CL$$defsig) for __default_signal_handler
    defsig_general.o(.text) refers to sys_wrch.o(.text) for _ttywrch
    sys_wrch.o(.text) refers (Special) to use_no_semi.o(.text) for __I$use$semihosting
    sys_wrch.o(.text) refers (Special) to indicate_semi.o(.text) for __semihosting_library_function
    defsig.o(CL$$defsig) refers to defsig_rtmem_inner.o(.text) for __rt_SIGRTMEM_inner
    defsig_abrt_inner.o(.text) refers to defsig_general.o(.text) for __default_signal_display
    defsig_fpe_inner.o(.text) refers to defsig_general.o(.text) for __default_signal_display
    defsig_rtred_inner.o(.text) refers to defsig_general.o(.text) for __default_signal_display
    defsig_stak_inner.o(.text) refers to defsig_general.o(.text) for __default_signal_display
    defsig_pvfn_inner.o(.text) refers to defsig_general.o(.text) for __default_signal_display
    defsig_cppl_inner.o(.text) refers to defsig_general.o(.text) for __default_signal_display
    defsig_segv_inner.o(.text) refers to defsig_general.o(.text) for __default_signal_display
    defsig_other.o(.text) refers to defsig_general.o(.text) for __default_signal_display


==============================================================================

Removing Unused input sections from the image.

    Removing main.o(.rev16_text), (4 bytes).
    Removing main.o(.revsh_text), (4 bytes).
    Removing jesse_init.o(.rev16_text), (4 bytes).
    Removing jesse_init.o(.revsh_text), (4 bytes).

4 unused section(s) (total 16 bytes) removed from the image.

==============================================================================

Image Symbol Table

    Local Symbols

    Symbol Name                              Value     Ov Type        Size  Object(Section)

    ../clib/angel/boardlib.s                 0x00000000   Number         0  boardshut.o ABSOLUTE
    ../clib/angel/boardlib.s                 0x00000000   Number         0  boardinit1.o ABSOLUTE
    ../clib/angel/boardlib.s                 0x00000000   Number         0  boardinit2.o ABSOLUTE
    ../clib/angel/boardlib.s                 0x00000000   Number         0  boardinit3.o ABSOLUTE
    ../clib/angel/handlers.s                 0x00000000   Number         0  __scatter_zi.o ABSOLUTE
    ../clib/angel/kernel.s                   0x00000000   Number         0  __rtentry4.o ABSOLUTE
    ../clib/angel/kernel.s                   0x00000000   Number         0  __rtentry2.o ABSOLUTE
    ../clib/angel/kernel.s                   0x00000000   Number         0  __rtentry.o ABSOLUTE
    ../clib/angel/kernel.s                   0x00000000   Number         0  rtexit.o ABSOLUTE
    ../clib/angel/kernel.s                   0x00000000   Number         0  rtexit2.o ABSOLUTE
    ../clib/angel/rt.s                       0x00000000   Number         0  rt_raise.o ABSOLUTE
    ../clib/angel/scatterp.s                 0x00000000   Number         0  __scatter.o ABSOLUTE
    ../clib/angel/startup.s                  0x00000000   Number         0  __main.o ABSOLUTE
    ../clib/angel/sys.s                      0x00000000   Number         0  sys_stackheap_outer.o ABSOLUTE
    ../clib/angel/sys.s                      0x00000000   Number         0  use_no_semi.o ABSOLUTE
    ../clib/angel/sys.s                      0x00000000   Number         0  indicate_semi.o ABSOLUTE
    ../clib/angel/sys.s                      0x00000000   Number         0  libspace.o ABSOLUTE
    ../clib/angel/sys.s                      0x00000000   Number         0  tempstk.o ABSOLUTE
    ../clib/angel/sysapp.c                   0x00000000   Number         0  sys_command.o ABSOLUTE
    ../clib/angel/sysapp.c                   0x00000000   Number         0  sys_wrch.o ABSOLUTE
    ../clib/angel/sysapp.c                   0x00000000   Number         0  sys_exit.o ABSOLUTE
    ../clib/armsys.c                         0x00000000   Number         0  _get_argv_nomalloc.o ABSOLUTE
    ../clib/armsys.c                         0x00000000   Number         0  no_argv.o ABSOLUTE
    ../clib/armsys.c                         0x00000000   Number         0  argv_veneer.o ABSOLUTE
    ../clib/heapalloc.c                      0x00000000   Number         0  hrguard.o ABSOLUTE
    ../clib/heapaux.c                        0x00000000   Number         0  heapauxi.o ABSOLUTE
    ../clib/libinit.s                        0x00000000   Number         0  libshutdown.o ABSOLUTE
    ../clib/libinit.s                        0x00000000   Number         0  libshutdown2.o ABSOLUTE
    ../clib/libinit.s                        0x00000000   Number         0  libinit.o ABSOLUTE
    ../clib/libinit.s                        0x00000000   Number         0  libinit2.o ABSOLUTE
    ../clib/signal.c                         0x00000000   Number         0  defsig_rtmem_outer.o ABSOLUTE
    ../clib/signal.c                         0x00000000   Number         0  __raise.o ABSOLUTE
    ../clib/signal.c                         0x00000000   Number         0  defsig_rtmem_inner.o ABSOLUTE
    ../clib/signal.c                         0x00000000   Number         0  defsig_cppl_inner.o ABSOLUTE
    ../clib/signal.c                         0x00000000   Number         0  defsig_other.o ABSOLUTE
    ../clib/signal.c                         0x00000000   Number         0  defsig_segv_inner.o ABSOLUTE
    ../clib/signal.c                         0x00000000   Number         0  defsig_pvfn_inner.o ABSOLUTE
    ../clib/signal.c                         0x00000000   Number         0  defsig_stak_inner.o ABSOLUTE
    ../clib/signal.c                         0x00000000   Number         0  defsig_rtred_inner.o ABSOLUTE
    ../clib/signal.c                         0x00000000   Number         0  defsig_fpe_inner.o ABSOLUTE
    ../clib/signal.c                         0x00000000   Number         0  defsig_abrt_inner.o ABSOLUTE
    ../clib/signal.c                         0x00000000   Number         0  defsig_general.o ABSOLUTE
    ../clib/signal.c                         0x00000000   Number         0  defsig_exit.o ABSOLUTE
    ../clib/signal.c                         0x00000000   Number         0  defsig_rtmem_formal.o ABSOLUTE
    ../clib/signal.s                         0x00000000   Number         0  defsig.o ABSOLUTE
    ../clib/stdlib.c                         0x00000000   Number         0  exit.o ABSOLUTE
    ../fplib/cfplib/fpinit.c                 0x00000000   Number         0  fpinit.o ABSOLUTE
    ..\SYSTEM\init\jesse_init.c              0x00000000   Number         0  jesse_init.o ABSOLUTE
    ..\\SYSTEM\\init\\jesse_init.c           0x00000000   Number         0  jesse_init.o ABSOLUTE
    dc.s                                     0x00000000   Number         0  dc.o ABSOLUTE
    main.c                                   0x00000000   Number         0  main.o ABSOLUTE
    main.c                                   0x00000000   Number         0  main.o ABSOLUTE
    startup_stm32l011xx.s                    0x00000000   Number         0  startup_stm32l011xx.o ABSOLUTE
    RESET                                    0x08000000   Section      192  startup_stm32l011xx.o(RESET)
    !!!main                                  0x080000c0   Section        8  __main.o(!!!main)
    !!!scatter                               0x080000c8   Section       60  __scatter.o(!!!scatter)
    !!handler_zi                             0x08000104   Section       28  __scatter_zi.o(!!handler_zi)
    .ARM.Collect$$libinit$$00000000          0x08000120   Section        2  libinit.o(.ARM.Collect$$libinit$$00000000)
    .ARM.Collect$$libinit$$00000002          0x08000122   Section        0  libinit2.o(.ARM.Collect$$libinit$$00000002)
    .ARM.Collect$$libinit$$00000004          0x08000122   Section        0  libinit2.o(.ARM.Collect$$libinit$$00000004)
    .ARM.Collect$$libinit$$0000000A          0x08000122   Section        0  libinit2.o(.ARM.Collect$$libinit$$0000000A)
    .ARM.Collect$$libinit$$0000000C          0x08000122   Section        0  libinit2.o(.ARM.Collect$$libinit$$0000000C)
    .ARM.Collect$$libinit$$0000000E          0x08000122   Section        0  libinit2.o(.ARM.Collect$$libinit$$0000000E)
    .ARM.Collect$$libinit$$00000011          0x08000122   Section        0  libinit2.o(.ARM.Collect$$libinit$$00000011)
    .ARM.Collect$$libinit$$00000013          0x08000122   Section        0  libinit2.o(.ARM.Collect$$libinit$$00000013)
    .ARM.Collect$$libinit$$00000015          0x08000122   Section        0  libinit2.o(.ARM.Collect$$libinit$$00000015)
    .ARM.Collect$$libinit$$00000017          0x08000122   Section        0  libinit2.o(.ARM.Collect$$libinit$$00000017)
    .ARM.Collect$$libinit$$00000019          0x08000122   Section        0  libinit2.o(.ARM.Collect$$libinit$$00000019)
    .ARM.Collect$$libinit$$0000001B          0x08000122   Section        0  libinit2.o(.ARM.Collect$$libinit$$0000001B)
    .ARM.Collect$$libinit$$0000001D          0x08000122   Section        0  libinit2.o(.ARM.Collect$$libinit$$0000001D)
    .ARM.Collect$$libinit$$0000001F          0x08000122   Section        0  libinit2.o(.ARM.Collect$$libinit$$0000001F)
    .ARM.Collect$$libinit$$00000021          0x08000122   Section        0  libinit2.o(.ARM.Collect$$libinit$$00000021)
    .ARM.Collect$$libinit$$00000023          0x08000122   Section        0  libinit2.o(.ARM.Collect$$libinit$$00000023)
    .ARM.Collect$$libinit$$00000025          0x08000122   Section        0  libinit2.o(.ARM.Collect$$libinit$$00000025)
    .ARM.Collect$$libinit$$0000002C          0x08000122   Section        0  libinit2.o(.ARM.Collect$$libinit$$0000002C)
    .ARM.Collect$$libinit$$0000002E          0x08000122   Section        0  libinit2.o(.ARM.Collect$$libinit$$0000002E)
    .ARM.Collect$$libinit$$00000030          0x08000122   Section        0  libinit2.o(.ARM.Collect$$libinit$$00000030)
    .ARM.Collect$$libinit$$00000032          0x08000122   Section        0  libinit2.o(.ARM.Collect$$libinit$$00000032)
    .ARM.Collect$$libinit$$00000033          0x08000122   Section        2  libinit2.o(.ARM.Collect$$libinit$$00000033)
    .ARM.Collect$$libshutdown$$00000000      0x08000124   Section        2  libshutdown.o(.ARM.Collect$$libshutdown$$00000000)
    .ARM.Collect$$libshutdown$$00000002      0x08000126   Section        0  libshutdown2.o(.ARM.Collect$$libshutdown$$00000002)
    .ARM.Collect$$libshutdown$$00000004      0x08000126   Section        0  libshutdown2.o(.ARM.Collect$$libshutdown$$00000004)
    .ARM.Collect$$libshutdown$$00000007      0x08000126   Section        0  libshutdown2.o(.ARM.Collect$$libshutdown$$00000007)
    .ARM.Collect$$libshutdown$$0000000A      0x08000126   Section        0  libshutdown2.o(.ARM.Collect$$libshutdown$$0000000A)
    .ARM.Collect$$libshutdown$$0000000C      0x08000126   Section        0  libshutdown2.o(.ARM.Collect$$libshutdown$$0000000C)
    .ARM.Collect$$libshutdown$$0000000F      0x08000126   Section        0  libshutdown2.o(.ARM.Collect$$libshutdown$$0000000F)
    .ARM.Collect$$libshutdown$$00000010      0x08000126   Section        2  libshutdown2.o(.ARM.Collect$$libshutdown$$00000010)
    .ARM.Collect$$rtentry$$00000000          0x08000128   Section        0  __rtentry.o(.ARM.Collect$$rtentry$$00000000)
    .ARM.Collect$$rtentry$$00000002          0x08000128   Section        0  __rtentry2.o(.ARM.Collect$$rtentry$$00000002)
    .ARM.Collect$$rtentry$$00000004          0x08000128   Section        6  __rtentry4.o(.ARM.Collect$$rtentry$$00000004)
    .ARM.Collect$$rtentry$$00000009          0x0800012e   Section        0  __rtentry2.o(.ARM.Collect$$rtentry$$00000009)
    .ARM.Collect$$rtentry$$0000000A          0x0800012e   Section        4  __rtentry2.o(.ARM.Collect$$rtentry$$0000000A)
    .ARM.Collect$$rtentry$$0000000C          0x08000132   Section        0  __rtentry2.o(.ARM.Collect$$rtentry$$0000000C)
    .ARM.Collect$$rtentry$$0000000D          0x08000132   Section        8  __rtentry2.o(.ARM.Collect$$rtentry$$0000000D)
    .ARM.Collect$$rtexit$$00000000           0x0800013a   Section        2  rtexit.o(.ARM.Collect$$rtexit$$00000000)
    .ARM.Collect$$rtexit$$00000002           0x0800013c   Section        0  rtexit2.o(.ARM.Collect$$rtexit$$00000002)
    .ARM.Collect$$rtexit$$00000003           0x0800013c   Section        4  rtexit2.o(.ARM.Collect$$rtexit$$00000003)
    .ARM.Collect$$rtexit$$00000004           0x08000140   Section        6  rtexit2.o(.ARM.Collect$$rtexit$$00000004)
    .text                                    0x08000148   Section      116  startup_stm32l011xx.o(.text)
    .text                                    0x080001bc   Section        0  heapauxi.o(.text)
    .text                                    0x080001c2   Section       62  sys_stackheap_outer.o(.text)
    .text                                    0x08000200   Section        0  exit.o(.text)
    .text                                    0x08000210   Section        8  libspace.o(.text)
    .text                                    0x08000218   Section        0  sys_exit.o(.text)
    .text                                    0x08000224   Section        2  use_no_semi.o(.text)
    .text                                    0x08000226   Section        0  indicate_semi.o(.text)
    i.$Sub$$main                             0x08000226   Section        0  jesse_init.o(i.$Sub$$main)
    i.SystemInit                             0x0800023c   Section        0  jesse_init.o(i.SystemInit)
    i.board_end                              0x0800023e   Section        0  jesse_init.o(i.board_end)
    board_end                                0x0800023f   Thumb Code     4  jesse_init.o(i.board_end)
    i.board_start                            0x08000242   Section        0  jesse_init.o(i.board_start)
    board_start                              0x08000243   Thumb Code     4  jesse_init.o(i.board_start)
    i.end                                    0x08000246   Section        0  jesse_init.o(i.end)
    end                                      0x08000247   Thumb Code     4  jesse_init.o(i.end)
    i.jesse_init_board_function              0x0800024c   Section        0  jesse_init.o(i.jesse_init_board_function)
    i.jesse_init_function                    0x08000268   Section        0  jesse_init.o(i.jesse_init_function)
    i.jesse_show_information                 0x08000284   Section        0  jesse_init.o(i.jesse_show_information)
    i.main                                   0x08000286   Section        0  main.o(i.main)
    i.start                                  0x0800028a   Section        0  jesse_init.o(i.start)
    start                                    0x0800028b   Thumb Code     4  jesse_init.o(i.start)
    .jesse_fn.0                              0x08000290   Section        4  jesse_init.o(.jesse_fn.0)
    .jesse_fn.0.end                          0x08000294   Section        4  jesse_init.o(.jesse_fn.0.end)
    .jesse_fn.1.end                          0x08000298   Section        4  jesse_init.o(.jesse_fn.1.end)
    .jesse_fn.3.end                          0x0800029c   Section        4  jesse_init.o(.jesse_fn.3.end)
    .bss                                     0x20000000   Section       96  libspace.o(.bss)
    HEAP                                     0x20000060   Section      512  startup_stm32l011xx.o(HEAP)
    Heap_Mem                                 0x20000060   Data         512  startup_stm32l011xx.o(HEAP)
    STACK                                    0x20000260   Section     1024  startup_stm32l011xx.o(STACK)
    Stack_Mem                                0x20000260   Data        1024  startup_stm32l011xx.o(STACK)
    __initial_sp                             0x20000660   Data           0  startup_stm32l011xx.o(STACK)

    Global Symbols

    Symbol Name                              Value     Ov Type        Size  Object(Section)

    BuildAttributes$$THM_ISAv3M$S$PE$A:L22$X:L11$S22$IEEE1$IW$USESV6$~STKCKD$USESV7$~SHL$OSPACE$ROPI$EBA8$UX$STANDARDLIB$REQ8$PRES8$EABIv2 0x00000000   Number         0  anon$$obj.o ABSOLUTE
    __ARM_use_no_argv                        0x00000000   Number         0  main.o ABSOLUTE
    __ARM_exceptions_init                     - Undefined Weak Reference
    __alloca_initialize                       - Undefined Weak Reference
    __arm_preinit_                            - Undefined Weak Reference
    __cpp_initialize__aeabi_                  - Undefined Weak Reference
    __cxa_finalize                            - Undefined Weak Reference
    __rt_locale                               - Undefined Weak Reference
    __sigvec_lookup                           - Undefined Weak Reference
    _atexit_init                              - Undefined Weak Reference
    _call_atexit_fns                          - Undefined Weak Reference
    _clock_init                               - Undefined Weak Reference
    _fp_trap_init                             - Undefined Weak Reference
    _fp_trap_shutdown                         - Undefined Weak Reference
    _get_lc_collate                           - Undefined Weak Reference
    _get_lc_ctype                             - Undefined Weak Reference
    _get_lc_monetary                          - Undefined Weak Reference
    _get_lc_numeric                           - Undefined Weak Reference
    _get_lc_time                              - Undefined Weak Reference
    _getenv_init                              - Undefined Weak Reference
    _handle_redirection                       - Undefined Weak Reference
    _init_alloc                               - Undefined Weak Reference
    _init_user_alloc                          - Undefined Weak Reference
    _initio                                   - Undefined Weak Reference
    _rand_init                                - Undefined Weak Reference
    _signal_finish                            - Undefined Weak Reference
    _signal_init                              - Undefined Weak Reference
    _terminate_alloc                          - Undefined Weak Reference
    _terminate_user_alloc                     - Undefined Weak Reference
    _terminateio                              - Undefined Weak Reference
    __Vectors_Size                           0x000000c0   Number         0  startup_stm32l011xx.o ABSOLUTE
    __Vectors                                0x08000000   Data           4  startup_stm32l011xx.o(RESET)
    __Vectors_End                            0x080000c0   Data           0  startup_stm32l011xx.o(RESET)
    __main                                   0x080000c1   Thumb Code     8  __main.o(!!!main)
    __scatterload                            0x080000c9   Thumb Code     0  __scatter.o(!!!scatter)
    __scatterload_rt2                        0x080000c9   Thumb Code    52  __scatter.o(!!!scatter)
    __scatterload_rt2_thumb_only             0x080000c9   Thumb Code     0  __scatter.o(!!!scatter)
    __scatterload_null                       0x080000d9   Thumb Code     0  __scatter.o(!!!scatter)
    __scatterload_zeroinit                   0x08000105   Thumb Code    28  __scatter_zi.o(!!handler_zi)
    __rt_lib_init                            0x08000121   Thumb Code     0  libinit.o(.ARM.Collect$$libinit$$00000000)
    __rt_lib_init_alloca_1                   0x08000123   Thumb Code     0  libinit2.o(.ARM.Collect$$libinit$$0000002E)
    __rt_lib_init_argv_1                     0x08000123   Thumb Code     0  libinit2.o(.ARM.Collect$$libinit$$0000002C)
    __rt_lib_init_atexit_1                   0x08000123   Thumb Code     0  libinit2.o(.ARM.Collect$$libinit$$0000001B)
    __rt_lib_init_clock_1                    0x08000123   Thumb Code     0  libinit2.o(.ARM.Collect$$libinit$$00000021)
    __rt_lib_init_cpp_1                      0x08000123   Thumb Code     0  libinit2.o(.ARM.Collect$$libinit$$00000032)
    __rt_lib_init_exceptions_1               0x08000123   Thumb Code     0  libinit2.o(.ARM.Collect$$libinit$$00000030)
    __rt_lib_init_fp_1                       0x08000123   Thumb Code     0  libinit2.o(.ARM.Collect$$libinit$$00000002)
    __rt_lib_init_fp_trap_1                  0x08000123   Thumb Code     0  libinit2.o(.ARM.Collect$$libinit$$0000001F)
    __rt_lib_init_getenv_1                   0x08000123   Thumb Code     0  libinit2.o(.ARM.Collect$$libinit$$00000023)
    __rt_lib_init_heap_1                     0x08000123   Thumb Code     0  libinit2.o(.ARM.Collect$$libinit$$0000000A)
    __rt_lib_init_lc_collate_1               0x08000123   Thumb Code     0  libinit2.o(.ARM.Collect$$libinit$$00000011)
    __rt_lib_init_lc_ctype_1                 0x08000123   Thumb Code     0  libinit2.o(.ARM.Collect$$libinit$$00000013)
    __rt_lib_init_lc_monetary_1              0x08000123   Thumb Code     0  libinit2.o(.ARM.Collect$$libinit$$00000015)
    __rt_lib_init_lc_numeric_1               0x08000123   Thumb Code     0  libinit2.o(.ARM.Collect$$libinit$$00000017)
    __rt_lib_init_lc_time_1                  0x08000123   Thumb Code     0  libinit2.o(.ARM.Collect$$libinit$$00000019)
    __rt_lib_init_preinit_1                  0x08000123   Thumb Code     0  libinit2.o(.ARM.Collect$$libinit$$00000004)
    __rt_lib_init_rand_1                     0x08000123   Thumb Code     0  libinit2.o(.ARM.Collect$$libinit$$0000000E)
    __rt_lib_init_return                     0x08000123   Thumb Code     0  libinit2.o(.ARM.Collect$$libinit$$00000033)
    __rt_lib_init_signal_1                   0x08000123   Thumb Code     0  libinit2.o(.ARM.Collect$$libinit$$0000001D)
    __rt_lib_init_stdio_1                    0x08000123   Thumb Code     0  libinit2.o(.ARM.Collect$$libinit$$00000025)
    __rt_lib_init_user_alloc_1               0x08000123   Thumb Code     0  libinit2.o(.ARM.Collect$$libinit$$0000000C)
    __rt_lib_shutdown                        0x08000125   Thumb Code     0  libshutdown.o(.ARM.Collect$$libshutdown$$00000000)
    __rt_lib_shutdown_cpp_1                  0x08000127   Thumb Code     0  libshutdown2.o(.ARM.Collect$$libshutdown$$00000002)
    __rt_lib_shutdown_fp_trap_1              0x08000127   Thumb Code     0  libshutdown2.o(.ARM.Collect$$libshutdown$$00000007)
    __rt_lib_shutdown_heap_1                 0x08000127   Thumb Code     0  libshutdown2.o(.ARM.Collect$$libshutdown$$0000000F)
    __rt_lib_shutdown_return                 0x08000127   Thumb Code     0  libshutdown2.o(.ARM.Collect$$libshutdown$$00000010)
    __rt_lib_shutdown_signal_1               0x08000127   Thumb Code     0  libshutdown2.o(.ARM.Collect$$libshutdown$$0000000A)
    __rt_lib_shutdown_stdio_1                0x08000127   Thumb Code     0  libshutdown2.o(.ARM.Collect$$libshutdown$$00000004)
    __rt_lib_shutdown_user_alloc_1           0x08000127   Thumb Code     0  libshutdown2.o(.ARM.Collect$$libshutdown$$0000000C)
    __rt_entry                               0x08000129   Thumb Code     0  __rtentry.o(.ARM.Collect$$rtentry$$00000000)
    __rt_entry_presh_1                       0x08000129   Thumb Code     0  __rtentry2.o(.ARM.Collect$$rtentry$$00000002)
    __rt_entry_sh                            0x08000129   Thumb Code     0  __rtentry4.o(.ARM.Collect$$rtentry$$00000004)
    __rt_entry_li                            0x0800012f   Thumb Code     0  __rtentry2.o(.ARM.Collect$$rtentry$$0000000A)
    __rt_entry_postsh_1                      0x0800012f   Thumb Code     0  __rtentry2.o(.ARM.Collect$$rtentry$$00000009)
    __rt_entry_main                          0x08000133   Thumb Code     0  __rtentry2.o(.ARM.Collect$$rtentry$$0000000D)
    __rt_entry_postli_1                      0x08000133   Thumb Code     0  __rtentry2.o(.ARM.Collect$$rtentry$$0000000C)
    __rt_exit                                0x0800013b   Thumb Code     0  rtexit.o(.ARM.Collect$$rtexit$$00000000)
    __rt_exit_ls                             0x0800013d   Thumb Code     0  rtexit2.o(.ARM.Collect$$rtexit$$00000003)
    __rt_exit_prels_1                        0x0800013d   Thumb Code     0  rtexit2.o(.ARM.Collect$$rtexit$$00000002)
    __rt_exit_exit                           0x08000141   Thumb Code     0  rtexit2.o(.ARM.Collect$$rtexit$$00000004)
    Reset_Handler                            0x08000149   Thumb Code    38  startup_stm32l011xx.o(.text)
    NMI_Handler                              0x0800016f   Thumb Code     2  startup_stm32l011xx.o(.text)
    HardFault_Handler                        0x08000171   Thumb Code     2  startup_stm32l011xx.o(.text)
    SVC_Handler                              0x08000173   Thumb Code     2  startup_stm32l011xx.o(.text)
    PendSV_Handler                           0x08000175   Thumb Code     2  startup_stm32l011xx.o(.text)
    SysTick_Handler                          0x08000177   Thumb Code     2  startup_stm32l011xx.o(.text)
    ADC1_COMP_IRQHandler                     0x08000179   Thumb Code     0  startup_stm32l011xx.o(.text)
    DMA1_Channel1_IRQHandler                 0x08000179   Thumb Code     0  startup_stm32l011xx.o(.text)
    DMA1_Channel2_3_IRQHandler               0x08000179   Thumb Code     0  startup_stm32l011xx.o(.text)
    DMA1_Channel4_5_6_7_IRQHandler           0x08000179   Thumb Code     0  startup_stm32l011xx.o(.text)
    EXTI0_1_IRQHandler                       0x08000179   Thumb Code     0  startup_stm32l011xx.o(.text)
    EXTI2_3_IRQHandler                       0x08000179   Thumb Code     0  startup_stm32l011xx.o(.text)
    EXTI4_15_IRQHandler                      0x08000179   Thumb Code     0  startup_stm32l011xx.o(.text)
    FLASH_IRQHandler                         0x08000179   Thumb Code     0  startup_stm32l011xx.o(.text)
    I2C1_IRQHandler                          0x08000179   Thumb Code     0  startup_stm32l011xx.o(.text)
    LPTIM1_IRQHandler                        0x08000179   Thumb Code     0  startup_stm32l011xx.o(.text)
    LPUART1_IRQHandler                       0x08000179   Thumb Code     0  startup_stm32l011xx.o(.text)
    PVD_IRQHandler                           0x08000179   Thumb Code     0  startup_stm32l011xx.o(.text)
    RCC_IRQHandler                           0x08000179   Thumb Code     0  startup_stm32l011xx.o(.text)
    RTC_IRQHandler                           0x08000179   Thumb Code     0  startup_stm32l011xx.o(.text)
    SPI1_IRQHandler                          0x08000179   Thumb Code     0  startup_stm32l011xx.o(.text)
    TIM21_IRQHandler                         0x08000179   Thumb Code     0  startup_stm32l011xx.o(.text)
    TIM2_IRQHandler                          0x08000179   Thumb Code     0  startup_stm32l011xx.o(.text)
    USART2_IRQHandler                        0x08000179   Thumb Code     0  startup_stm32l011xx.o(.text)
    WWDG_IRQHandler                          0x08000179   Thumb Code     0  startup_stm32l011xx.o(.text)
    __user_initial_stackheap                 0x0800017d   Thumb Code     0  startup_stm32l011xx.o(.text)
    __use_two_region_memory                  0x080001bd   Thumb Code     2  heapauxi.o(.text)
    __rt_heap_escrow$2region                 0x080001bf   Thumb Code     2  heapauxi.o(.text)
    __rt_heap_expand$2region                 0x080001c1   Thumb Code     2  heapauxi.o(.text)
    __user_setup_stackheap                   0x080001c3   Thumb Code    62  sys_stackheap_outer.o(.text)
    exit                                     0x08000201   Thumb Code    16  exit.o(.text)
    __user_libspace                          0x08000211   Thumb Code     8  libspace.o(.text)
    __user_perproc_libspace                  0x08000211   Thumb Code     0  libspace.o(.text)
    __user_perthread_libspace                0x08000211   Thumb Code     0  libspace.o(.text)
    _sys_exit                                0x08000219   Thumb Code     8  sys_exit.o(.text)
    __I$use$semihosting                      0x08000225   Thumb Code     0  use_no_semi.o(.text)
    __use_no_semihosting_swi                 0x08000225   Thumb Code     2  use_no_semi.o(.text)
    __semihosting_library_function           0x08000227   Thumb Code     0  indicate_semi.o(.text)
    main                                     0x08000227   Thumb Code    22  jesse_init.o(i.$Sub$$main)
    SystemInit                               0x0800023d   Thumb Code     2  jesse_init.o(i.SystemInit)
    jesse_init_board_function                0x0800024d   Thumb Code    20  jesse_init.o(i.jesse_init_board_function)
    jesse_init_function                      0x08000269   Thumb Code    20  jesse_init.o(i.jesse_init_function)
    jesse_show_information                   0x08000285   Thumb Code     2  jesse_init.o(i.jesse_show_information)
    $Super$$main                             0x08000287   Thumb Code     4  main.o(i.main)
    __init_start                             0x08000290   Data           4  jesse_init.o(.jesse_fn.0)
    __init_board_start                       0x08000294   Data           4  jesse_init.o(.jesse_fn.0.end)
    __init_board_end                         0x08000298   Data           4  jesse_init.o(.jesse_fn.1.end)
    __init_end                               0x0800029c   Data           4  jesse_init.o(.jesse_fn.3.end)
    Region$$Table$$Base                      0x080002a0   Number         0  anon$$obj.o(Region$$Table)
    Region$$Table$$Limit                     0x080002b0   Number         0  anon$$obj.o(Region$$Table)
    __libspace_start                         0x20000000   Data          96  libspace.o(.bss)
    __temporary_stack_top$libspace           0x20000060   Data           0  libspace.o(.bss)



==============================================================================

Memory Map of the image

  Image Entry point : 0x080000c1

  Load Region LR_IROM1 (Base: 0x08000000, Size: 0x000002b0, Max: 0x00004000, ABSOLUTE)

    Execution Region ER_IROM1 (Exec base: 0x08000000, Load base: 0x08000000, Size: 0x000002b0, Max: 0x00004000, ABSOLUTE)

    Exec Addr    Load Addr    Size         Type   Attr      Idx    E Section Name        Object

    0x08000000   0x08000000   0x000000c0   Data   RO            3    RESET               startup_stm32l011xx.o
    0x080000c0   0x080000c0   0x00000008   Code   RO          150  * !!!main             c_p.l(__main.o)
    0x080000c8   0x080000c8   0x0000003c   Code   RO          309    !!!scatter          c_p.l(__scatter.o)
    0x08000104   0x08000104   0x0000001c   Code   RO          311    !!handler_zi        c_p.l(__scatter_zi.o)
    0x08000120   0x08000120   0x00000002   Code   RO          178    .ARM.Collect$$libinit$$00000000  c_p.l(libinit.o)
    0x08000122   0x08000122   0x00000000   Code   RO          186    .ARM.Collect$$libinit$$00000002  c_p.l(libinit2.o)
    0x08000122   0x08000122   0x00000000   Code   RO          188    .ARM.Collect$$libinit$$00000004  c_p.l(libinit2.o)
    0x08000122   0x08000122   0x00000000   Code   RO          191    .ARM.Collect$$libinit$$0000000A  c_p.l(libinit2.o)
    0x08000122   0x08000122   0x00000000   Code   RO          193    .ARM.Collect$$libinit$$0000000C  c_p.l(libinit2.o)
    0x08000122   0x08000122   0x00000000   Code   RO          195    .ARM.Collect$$libinit$$0000000E  c_p.l(libinit2.o)
    0x08000122   0x08000122   0x00000000   Code   RO          198    .ARM.Collect$$libinit$$00000011  c_p.l(libinit2.o)
    0x08000122   0x08000122   0x00000000   Code   RO          200    .ARM.Collect$$libinit$$00000013  c_p.l(libinit2.o)
    0x08000122   0x08000122   0x00000000   Code   RO          202    .ARM.Collect$$libinit$$00000015  c_p.l(libinit2.o)
    0x08000122   0x08000122   0x00000000   Code   RO          204    .ARM.Collect$$libinit$$00000017  c_p.l(libinit2.o)
    0x08000122   0x08000122   0x00000000   Code   RO          206    .ARM.Collect$$libinit$$00000019  c_p.l(libinit2.o)
    0x08000122   0x08000122   0x00000000   Code   RO          208    .ARM.Collect$$libinit$$0000001B  c_p.l(libinit2.o)
    0x08000122   0x08000122   0x00000000   Code   RO          210    .ARM.Collect$$libinit$$0000001D  c_p.l(libinit2.o)
    0x08000122   0x08000122   0x00000000   Code   RO          212    .ARM.Collect$$libinit$$0000001F  c_p.l(libinit2.o)
    0x08000122   0x08000122   0x00000000   Code   RO          214    .ARM.Collect$$libinit$$00000021  c_p.l(libinit2.o)
    0x08000122   0x08000122   0x00000000   Code   RO          216    .ARM.Collect$$libinit$$00000023  c_p.l(libinit2.o)
    0x08000122   0x08000122   0x00000000   Code   RO          218    .ARM.Collect$$libinit$$00000025  c_p.l(libinit2.o)
    0x08000122   0x08000122   0x00000000   Code   RO          222    .ARM.Collect$$libinit$$0000002C  c_p.l(libinit2.o)
    0x08000122   0x08000122   0x00000000   Code   RO          224    .ARM.Collect$$libinit$$0000002E  c_p.l(libinit2.o)
    0x08000122   0x08000122   0x00000000   Code   RO          226    .ARM.Collect$$libinit$$00000030  c_p.l(libinit2.o)
    0x08000122   0x08000122   0x00000000   Code   RO          228    .ARM.Collect$$libinit$$00000032  c_p.l(libinit2.o)
    0x08000122   0x08000122   0x00000002   Code   RO          229    .ARM.Collect$$libinit$$00000033  c_p.l(libinit2.o)
    0x08000124   0x08000124   0x00000002   Code   RO          249    .ARM.Collect$$libshutdown$$00000000  c_p.l(libshutdown.o)
    0x08000126   0x08000126   0x00000000   Code   RO          262    .ARM.Collect$$libshutdown$$00000002  c_p.l(libshutdown2.o)
    0x08000126   0x08000126   0x00000000   Code   RO          264    .ARM.Collect$$libshutdown$$00000004  c_p.l(libshutdown2.o)
    0x08000126   0x08000126   0x00000000   Code   RO          267    .ARM.Collect$$libshutdown$$00000007  c_p.l(libshutdown2.o)
    0x08000126   0x08000126   0x00000000   Code   RO          270    .ARM.Collect$$libshutdown$$0000000A  c_p.l(libshutdown2.o)
    0x08000126   0x08000126   0x00000000   Code   RO          272    .ARM.Collect$$libshutdown$$0000000C  c_p.l(libshutdown2.o)
    0x08000126   0x08000126   0x00000000   Code   RO          275    .ARM.Collect$$libshutdown$$0000000F  c_p.l(libshutdown2.o)
    0x08000126   0x08000126   0x00000002   Code   RO          276    .ARM.Collect$$libshutdown$$00000010  c_p.l(libshutdown2.o)
    0x08000128   0x08000128   0x00000000   Code   RO          152    .ARM.Collect$$rtentry$$00000000  c_p.l(__rtentry.o)
    0x08000128   0x08000128   0x00000000   Code   RO          154    .ARM.Collect$$rtentry$$00000002  c_p.l(__rtentry2.o)
    0x08000128   0x08000128   0x00000006   Code   RO          166    .ARM.Collect$$rtentry$$00000004  c_p.l(__rtentry4.o)
    0x0800012e   0x0800012e   0x00000000   Code   RO          156    .ARM.Collect$$rtentry$$00000009  c_p.l(__rtentry2.o)
    0x0800012e   0x0800012e   0x00000004   Code   RO          157    .ARM.Collect$$rtentry$$0000000A  c_p.l(__rtentry2.o)
    0x08000132   0x08000132   0x00000000   Code   RO          159    .ARM.Collect$$rtentry$$0000000C  c_p.l(__rtentry2.o)
    0x08000132   0x08000132   0x00000008   Code   RO          160    .ARM.Collect$$rtentry$$0000000D  c_p.l(__rtentry2.o)
    0x0800013a   0x0800013a   0x00000002   Code   RO          183    .ARM.Collect$$rtexit$$00000000  c_p.l(rtexit.o)
    0x0800013c   0x0800013c   0x00000000   Code   RO          231    .ARM.Collect$$rtexit$$00000002  c_p.l(rtexit2.o)
    0x0800013c   0x0800013c   0x00000004   Code   RO          232    .ARM.Collect$$rtexit$$00000003  c_p.l(rtexit2.o)
    0x08000140   0x08000140   0x00000006   Code   RO          233    .ARM.Collect$$rtexit$$00000004  c_p.l(rtexit2.o)
    0x08000146   0x08000146   0x00000002   PAD
    0x08000148   0x08000148   0x00000074   Code   RO            4    .text               startup_stm32l011xx.o
    0x080001bc   0x080001bc   0x00000006   Code   RO          148    .text               c_p.l(heapauxi.o)
    0x080001c2   0x080001c2   0x0000003e   Code   RO          168    .text               c_p.l(sys_stackheap_outer.o)
    0x08000200   0x08000200   0x00000010   Code   RO          171    .text               c_p.l(exit.o)
    0x08000210   0x08000210   0x00000008   Code   RO          179    .text               c_p.l(libspace.o)
    0x08000218   0x08000218   0x0000000c   Code   RO          241    .text               c_p.l(sys_exit.o)
    0x08000224   0x08000224   0x00000002   Code   RO          252    .text               c_p.l(use_no_semi.o)
    0x08000226   0x08000226   0x00000000   Code   RO          254    .text               c_p.l(indicate_semi.o)
    0x08000226   0x08000226   0x00000016   Code   RO           72    i.$Sub$$main        jesse_init.o
    0x0800023c   0x0800023c   0x00000002   Code   RO           73    i.SystemInit        jesse_init.o
    0x0800023e   0x0800023e   0x00000004   Code   RO           74    i.board_end         jesse_init.o
    0x08000242   0x08000242   0x00000004   Code   RO           75    i.board_start       jesse_init.o
    0x08000246   0x08000246   0x00000004   Code   RO           76    i.end               jesse_init.o
    0x0800024a   0x0800024a   0x00000002   PAD
    0x0800024c   0x0800024c   0x0000001c   Code   RO           77    i.jesse_init_board_function  jesse_init.o
    0x08000268   0x08000268   0x0000001c   Code   RO           78    i.jesse_init_function  jesse_init.o
    0x08000284   0x08000284   0x00000002   Code   RO           79    i.jesse_show_information  jesse_init.o
    0x08000286   0x08000286   0x00000004   Code   RO           12    i.main              main.o
    0x0800028a   0x0800028a   0x00000004   Code   RO           80    i.start             jesse_init.o
    0x0800028e   0x0800028e   0x00000002   PAD
    0x08000290   0x08000290   0x00000004   Data   RO           81    .jesse_fn.0         jesse_init.o
    0x08000294   0x08000294   0x00000004   Data   RO           82    .jesse_fn.0.end     jesse_init.o
    0x08000298   0x08000298   0x00000004   Data   RO           83    .jesse_fn.1.end     jesse_init.o
    0x0800029c   0x0800029c   0x00000004   Data   RO           84    .jesse_fn.3.end     jesse_init.o
    0x080002a0   0x080002a0   0x00000010   Data   RO          307    Region$$Table       anon$$obj.o


    Execution Region RW_IRAM1 (Exec base: 0x20000000, Load base: 0x080002b0, Size: 0x00000660, Max: 0x00000800, ABSOLUTE)

    Exec Addr    Load Addr    Size         Type   Attr      Idx    E Section Name        Object

    0x20000000        -       0x00000060   Zero   RW          180    .bss                c_p.l(libspace.o)
    0x20000060        -       0x00000200   Zero   RW            2    HEAP                startup_stm32l011xx.o
    0x20000260        -       0x00000400   Zero   RW            1    STACK               startup_stm32l011xx.o


==============================================================================

Image component sizes


      Code (inc. data)   RO Data    RW Data    ZI Data      Debug   Object Name

        98         16         16          0          0       5399   jesse_init.o
         4          0          0          0          0       1835   main.o
       116         56        192          0       1536        668   startup_stm32l011xx.o

    ----------------------------------------------------------------------
       222         72        224          0       1536       7902   Object Totals
         0          0         16          0          0          0   (incl. Generated)
         4          0          0          0          0          0   (incl. Padding)

    ----------------------------------------------------------------------

      Code (inc. data)   RO Data    RW Data    ZI Data      Debug   Library Member Name

         8          0          0          0          0         68   __main.o
         0          0          0          0          0          0   __rtentry.o
        12          0          0          0          0          0   __rtentry2.o
         6          0          0          0          0          0   __rtentry4.o
        60          8          0          0          0          0   __scatter.o
        28          0          0          0          0          0   __scatter_zi.o
        16          0          0          0          0         68   exit.o
         6          0          0          0          0        136   heapauxi.o
         0          0          0          0          0          0   indicate_semi.o
         2          0          0          0          0          0   libinit.o
         2          0          0          0          0          0   libinit2.o
         2          0          0          0          0          0   libshutdown.o
         2          0          0          0          0          0   libshutdown2.o
         8          4          0          0         96         68   libspace.o
         2          0          0          0          0          0   rtexit.o
        10          0          0          0          0          0   rtexit2.o
        12          4          0          0          0         60   sys_exit.o
        62          0          0          0          0         80   sys_stackheap_outer.o
         2          0          0          0          0         68   use_no_semi.o

    ----------------------------------------------------------------------
       242         16          0          0         96        548   Library Totals
         2          0          0          0          0          0   (incl. Padding)

    ----------------------------------------------------------------------

      Code (inc. data)   RO Data    RW Data    ZI Data      Debug   Library Name

       240         16          0          0         96        548   c_p.l

    ----------------------------------------------------------------------
       242         16          0          0         96        548   Library Totals

    ----------------------------------------------------------------------

==============================================================================


      Code (inc. data)   RO Data    RW Data    ZI Data      Debug   

       464         88        224          0       1632       7894   Grand Totals
       464         88        224          0       1632       7894   ELF Image Totals
       464         88        224          0          0          0   ROM Totals

==============================================================================

    Total RO  Size (Code + RO Data)                  688 (   0.67kB)
    Total RW  Size (RW Data + ZI Data)              1632 (   1.59kB)
    Total ROM Size (Code + RO Data + RW Data)        688 (   0.67kB)

==============================================================================

